[2025-09-07 09:25:19.251] [info] Using configuration file /home/andrew/.config/waybar/config.jsonc
[2025-09-07 09:25:19.252] [info] Unable to receive desktop appearance: GDBus.Error:org.freedesktop.DBus.Error.UnknownMethod: No such interface “org.freedesktop.portal.Settings” on object at path /org/freedesktop/portal/desktop
[2025-09-07 09:25:19.252] [info] Using CSS file /home/andrew/.config/waybar/style.css
[2025-09-07 09:25:19.255] [info] Hyprland IPC starting
[2025-09-07 09:25:19.256] [info] Loading persistent workspaces from Hyprland workspace rules
[2025-09-07 09:25:19.260] [warning] No batteries.
[2025-09-07 09:25:19.263] [info] Loading persistent workspaces from Hyprland workspace rules
[2025-09-07 09:25:19.265] [warning] No batteries.
[2025-09-07 09:25:19.266] [info] Loading persistent workspaces from Hyprland workspace rules
[2025-09-07 09:25:19.284] [warning] No batteries.
==> ERROR: Cannot fetch updates
==> ERROR: Cannot fetch updates

** (waybar:195929): WARNING **: 09:25:19.295: Status Notifier Item with bus name ':1.21' and object path '/org/ayatana/NotificationItem/nm_applet' is already registered
[2025-09-07 09:25:19.309] [info] Bar configured (width: 1920, height: 42) for output: DP-3
[2025-09-07 09:25:19.309] [info] Bar configured (width: 1920, height: 42) for output: HDMI-A-1
[2025-09-07 09:25:19.309] [info] Bar configured (width: 1920, height: 42) for output: DVI-D-1
C 09:25:24.824484        pwvucontrol src/backend/pwdeviceobject.rs:218:: Unable to get model index from profile index.
C 09:25:24.825171        pwvucontrol src/backend/pwdeviceobject.rs:218:: Unable to get model index from profile index.
C 09:25:24.825681        pwvucontrol src/backend/pwdeviceobject.rs:218:: Unable to get model index from profile index.
[2025-09-07 09:25:24.834] [warning] [wireplumber]: (onMixerChanged: Audio/Sink) - Object with id 81 not found
[2025-09-07 09:25:24.834] [warning] [wireplumber]: (onMixerChanged: Audio/Sink) - Object with id 81 not found
[2025-09-07 09:25:24.834] [warning] [wireplumber]: (onMixerChanged: Audio/Sink) - Object with id 81 not found
[2025-09-07 09:25:24.841] [warning] [wireplumber]: (onMixerChanged: Audio/Sink) - Object with id 81 not found
[2025-09-07 09:25:24.841] [warning] [wireplumber]: (onMixerChanged: Audio/Sink) - Object with id 81 not found
[2025-09-07 09:25:24.841] [warning] [wireplumber]: (onMixerChanged: Audio/Sink) - Object with id 81 not found
==> ERROR: Cannot fetch updates

** (waybar:195929): WARNING **: 09:26:13.398: Status Notifier Item with bus name ':1.21' and object path '/org/ayatana/NotificationItem/nm_applet' is already registered
[2025-09-07 09:26:13.398] [error] Item 'chrome_status_icon_1': No icon name or pixmap given.
[2025-09-07 09:26:13.401] [error] Item 'chrome_status_icon_1': No icon name or pixmap given.
[2025-09-07 09:26:13.401] [error] Item 'chrome_status_icon_1': No icon name or pixmap given.
[2025-09-07 09:26:13.415] [error] Item 'chrome_status_icon_1': No icon name or pixmap given.
[2025-09-07 09:26:13.416] [error] Item 'chrome_status_icon_1': No icon name or pixmap given.
[2025-09-07 09:26:13.416] [error] Item 'chrome_status_icon_1': No icon name or pixmap given.
==> ERROR: Cannot fetch updates
==> ERROR: Cannot fetch updates
==> ERROR: Cannot fetch updates
==> ERROR: Cannot fetch updates
==> ERROR: Cannot fetch updates
==> ERROR: Cannot fetch updates
==> ERROR: Cannot fetch updates
==> ERROR: Cannot fetch updates
==> ERROR: Cannot fetch updates
==> ERROR: Cannot fetch updates
==> ERROR: Cannot fetch updates
==> ERROR: Cannot fetch updates
==> ERROR: Cannot fetch updates
==> ERROR: Cannot fetch updates
==> ERROR: Cannot fetch updates
==> ERROR: Cannot fetch updates
==> ERROR: Cannot fetch updates
==> ERROR: Cannot fetch updates
==> ERROR: Cannot fetch updates
==> ERROR: Cannot fetch updates
==> ERROR: Cannot fetch updates
==> ERROR: Cannot fetch updates
==> ERROR: Cannot fetch updates
==> ERROR: Cannot fetch updates
==> ERROR: Cannot fetch updates
==> ERROR: Cannot fetch updates
==> ERROR: Cannot fetch updates
==> ERROR: Cannot fetch updates
==> ERROR: Cannot fetch updates
==> ERROR: Cannot fetch updates
==> ERROR: Cannot fetch updates
C 09:34:15.129141        pwvucontrol src/backend/pwdeviceobject.rs:218:: Unable to get model index from profile index.
C 09:34:15.129846        pwvucontrol src/backend/pwdeviceobject.rs:218:: Unable to get model index from profile index.
C 09:34:15.130402        pwvucontrol src/backend/pwdeviceobject.rs:218:: Unable to get model index from profile index.
[2025-09-07 09:34:15.163] [warning] [wireplumber]: (onMixerChanged: Audio/Sink) - Object with id 81 not found
[2025-09-07 09:34:15.163] [warning] [wireplumber]: (onMixerChanged: Audio/Sink) - Object with id 81 not found
[2025-09-07 09:34:15.163] [warning] [wireplumber]: (onMixerChanged: Audio/Sink) - Object with id 81 not found
[2025-09-07 09:34:15.168] [warning] [wireplumber]: (onMixerChanged: Audio/Sink) - Object with id 81 not found
[2025-09-07 09:34:15.168] [warning] [wireplumber]: (onMixerChanged: Audio/Sink) - Object with id 81 not found
[2025-09-07 09:34:15.168] [warning] [wireplumber]: (onMixerChanged: Audio/Sink) - Object with id 81 not found
==> ERROR: Cannot fetch updates
==> ERROR: Cannot fetch updates
==> ERROR: Cannot fetch updates
==> ERROR: Cannot fetch updates
==> ERROR: Cannot fetch updates
==> ERROR: Cannot fetch updates
==> ERROR: Cannot fetch updates
==> ERROR: Cannot fetch updates
==> ERROR: Cannot fetch updates
Gdk-Message: 09:41:41.163: Error reading events from display: Connection reset by peer
